// Jest Snapshot v1, https://goo.gl/fbAQLP

exports[`A suite Should render correctly 1`] = `ShallowWrapper {}`;
